AR mux behavioral /nfs/TUEIEDA/LabHDL/2017s/ga87dew/submit/rcs1/mux.vhd sub00/vhpl17 1498161129
EN rxcver NULL /nfs/TUEIEDA/LabHDL/2017s/ga87dew/submit/rcs1/rxcver.vhd sub00/vhpl04 1498161138
AR idea_com_inner behavioral /nfs/TUEIEDA/LabHDL/2017s/ga87dew/submit/rcs1/idea_com_inner.vhd sub00/vhpl13 1498161149
AR clk_div behavioral /nfs/TUEIEDA/LabHDL/2017s/ga87dew/submit/rcs1/clk_div.vhd sub00/vhpl11 1498161147
AR addop behavioral /nfs/TUEIEDA/LabHDL/2017s/ga87dew/submit/rcs1/addop.vhd sub00/vhpl25 1498161121
EN mulop NULL /nfs/TUEIEDA/LabHDL/2017s/ga87dew/submit/rcs1/mulop.vhd sub00/vhpl22 1498161118
EN key_generator NULL /nfs/TUEIEDA/LabHDL/2017s/ga87dew/submit/rcs1/key_generator.vhd sub00/vhpl18 1498161126
EN trafo NULL /nfs/TUEIEDA/LabHDL/2017s/ga87dew/submit/rcs1/trafo.vhd sub00/vhpl30 1498161134
AR round behavioral /nfs/TUEIEDA/LabHDL/2017s/ga87dew/submit/rcs1/round.vhd sub00/vhpl29 1498161131
EN addop NULL /nfs/TUEIEDA/LabHDL/2017s/ga87dew/submit/rcs1/addop.vhd sub00/vhpl24 1498161120
EN mux2x1 NULL /nfs/TUEIEDA/LabHDL/2017s/ga87dew/submit/rcs1/mux2x1.vhd sub00/vhpl32 1498161144
AR mux2x1 behavioral /nfs/TUEIEDA/LabHDL/2017s/ga87dew/submit/rcs1/mux2x1.vhd sub00/vhpl33 1498161145
AR trafo behavioral /nfs/TUEIEDA/LabHDL/2017s/ga87dew/submit/rcs1/trafo.vhd sub00/vhpl31 1498161135
EN idea_com NULL /nfs/TUEIEDA/LabHDL/2017s/ga87dew/submit/rcs1/idea_com.vhd sub00/vhpl14 1498161150
AR uart behavior /nfs/TUEIEDA/LabHDL/2017s/ga87dew/submit/rcs1/uart.vhd sub00/vhpl07 1498161141
AR rxcver behavior /nfs/TUEIEDA/LabHDL/2017s/ga87dew/submit/rcs1/rxcver.vhd sub00/vhpl05 1498161139
AR txmit behavior /nfs/TUEIEDA/LabHDL/2017s/ga87dew/submit/rcs1/txmit.vhd sub00/vhpl03 1498161137
EN round NULL /nfs/TUEIEDA/LabHDL/2017s/ga87dew/submit/rcs1/round.vhd sub00/vhpl28 1498161130
EN clock_controlled_register NULL /nfs/TUEIEDA/LabHDL/2017s/ga87dew/submit/rcs1/clock_controlled_register.vhd sub00/vhpl00 1498161132
AR idea_com behavioral /nfs/TUEIEDA/LabHDL/2017s/ga87dew/submit/rcs1/idea_com.vhd sub00/vhpl15 1498161151
EN xorop NULL /nfs/TUEIEDA/LabHDL/2017s/ga87dew/submit/rcs1/xorop.vhd sub00/vhpl26 1498161122
EN control NULL /nfs/TUEIEDA/LabHDL/2017s/ga87dew/submit/rcs1/control.vhd sub00/vhpl20 1498161124
AR mulop behavioral /nfs/TUEIEDA/LabHDL/2017s/ga87dew/submit/rcs1/mulop.vhd sub00/vhpl23 1498161119
AR clock_controlled_register behavioral /nfs/TUEIEDA/LabHDL/2017s/ga87dew/submit/rcs1/clock_controlled_register.vhd sub00/vhpl01 1498161133
EN mux NULL /nfs/TUEIEDA/LabHDL/2017s/ga87dew/submit/rcs1/mux.vhd sub00/vhpl16 1498161128
EN txmit NULL /nfs/TUEIEDA/LabHDL/2017s/ga87dew/submit/rcs1/txmit.vhd sub00/vhpl02 1498161136
AR idea_single structural /nfs/TUEIEDA/LabHDL/2017s/ga87dew/submit/rcs1/idea_single.vhd sub00/vhpl09 1498161143
AR control behavioral /nfs/TUEIEDA/LabHDL/2017s/ga87dew/submit/rcs1/control.vhd sub00/vhpl21 1498161125
AR key_generator behavioral /nfs/TUEIEDA/LabHDL/2017s/ga87dew/submit/rcs1/key_generator.vhd sub00/vhpl19 1498161127
EN uart NULL /nfs/TUEIEDA/LabHDL/2017s/ga87dew/submit/rcs1/uart.vhd sub00/vhpl06 1498161140
EN clk_div NULL /nfs/TUEIEDA/LabHDL/2017s/ga87dew/submit/rcs1/clk_div.vhd sub00/vhpl10 1498161146
AR xorop behavioral /nfs/TUEIEDA/LabHDL/2017s/ga87dew/submit/rcs1/xorop.vhd sub00/vhpl27 1498161123
EN idea_single NULL /nfs/TUEIEDA/LabHDL/2017s/ga87dew/submit/rcs1/idea_single.vhd sub00/vhpl08 1498161142
EN idea_com_inner NULL /nfs/TUEIEDA/LabHDL/2017s/ga87dew/submit/rcs1/idea_com_inner.vhd sub00/vhpl12 1498161148
