V3 83
FL /nfs/TUEIEDA/LabHDL/2017s/ga87dew/submit/rcs1/addop.vhd 2017/06/21.15:05:16 P.20131013
EN work/addop 1498161120 \
      FL /nfs/TUEIEDA/LabHDL/2017s/ga87dew/submit/rcs1/addop.vhd \
      PB ieee/std_logic_1164 1381692176 PB ieee/STD_LOGIC_UNSIGNED 1381692179
AR work/addop/Behavioral 1498161121 \
      FL /nfs/TUEIEDA/LabHDL/2017s/ga87dew/submit/rcs1/addop.vhd EN work/addop 1498161120
FL /nfs/TUEIEDA/LabHDL/2017s/ga87dew/submit/rcs1/clk_div.vhd 2017/05/10.00:15:58 P.20131013
EN work/clk_div 1498161146 \
      FL /nfs/TUEIEDA/LabHDL/2017s/ga87dew/submit/rcs1/clk_div.vhd \
      PB ieee/std_logic_1164 1381692176 PB ieee/std_logic_arith 1381692177 \
      PB ieee/STD_LOGIC_UNSIGNED 1381692179
AR work/clk_div/Behavioral 1498161147 \
      FL /nfs/TUEIEDA/LabHDL/2017s/ga87dew/submit/rcs1/clk_div.vhd \
      EN work/clk_div 1498161146
FL /nfs/TUEIEDA/LabHDL/2017s/ga87dew/submit/rcs1/clock_controlled_register.vhd 2017/06/22.19:55:27 P.20131013
EN work/clock_controlled_register 1498161132 \
      FL /nfs/TUEIEDA/LabHDL/2017s/ga87dew/submit/rcs1/clock_controlled_register.vhd \
      PB ieee/std_logic_1164 1381692176
AR work/clock_controlled_register/Behavioral 1498161133 \
      FL /nfs/TUEIEDA/LabHDL/2017s/ga87dew/submit/rcs1/clock_controlled_register.vhd \
      EN work/clock_controlled_register 1498161132
FL /nfs/TUEIEDA/LabHDL/2017s/ga87dew/submit/rcs1/control.vhd 2017/06/22.21:49:14 P.20131013
EN work/control 1498161124 \
      FL /nfs/TUEIEDA/LabHDL/2017s/ga87dew/submit/rcs1/control.vhd \
      PB ieee/std_logic_1164 1381692176
AR work/control/Behavioral 1498161125 \
      FL /nfs/TUEIEDA/LabHDL/2017s/ga87dew/submit/rcs1/control.vhd \
      EN work/control 1498161124
FL /nfs/TUEIEDA/LabHDL/2017s/ga87dew/submit/rcs1/idea_com.vhd 2017/05/10.00:15:58 P.20131013
EN work/idea_com 1498161150 \
      FL /nfs/TUEIEDA/LabHDL/2017s/ga87dew/submit/rcs1/idea_com.vhd \
      PB ieee/std_logic_1164 1381692176 PB ieee/std_logic_arith 1381692177 \
      PB ieee/STD_LOGIC_UNSIGNED 1381692179
AR work/idea_com/Behavioral 1498161151 \
      FL /nfs/TUEIEDA/LabHDL/2017s/ga87dew/submit/rcs1/idea_com.vhd \
      EN work/idea_com 1498161150 CP clk_div CP idea_com_inner
FL /nfs/TUEIEDA/LabHDL/2017s/ga87dew/submit/rcs1/idea_com_inner.vhd 2017/05/10.00:15:58 P.20131013
EN work/idea_com_inner 1498161148 \
      FL /nfs/TUEIEDA/LabHDL/2017s/ga87dew/submit/rcs1/idea_com_inner.vhd \
      PB ieee/std_logic_1164 1381692176 PB ieee/std_logic_arith 1381692177 \
      PB ieee/STD_LOGIC_UNSIGNED 1381692179
AR work/idea_com_inner/Behavioral 1498161149 \
      FL /nfs/TUEIEDA/LabHDL/2017s/ga87dew/submit/rcs1/idea_com_inner.vhd \
      EN work/idea_com_inner 1498161148 CP uart CP idea_single CP mux2x1
FL /nfs/TUEIEDA/LabHDL/2017s/ga87dew/submit/rcs1/idea_single.vhd 2017/06/22.20:40:29 P.20131013
EN work/idea_single 1498161142 \
      FL /nfs/TUEIEDA/LabHDL/2017s/ga87dew/submit/rcs1/idea_single.vhd \
      PB ieee/std_logic_1164 1381692176
AR work/idea_single/Structural 1498161143 \
      FL /nfs/TUEIEDA/LabHDL/2017s/ga87dew/submit/rcs1/idea_single.vhd \
      EN work/idea_single 1498161142 CP control CP key_generator CP mux CP round \
      CP clock_controlled_register CP trafo
FL /nfs/TUEIEDA/LabHDL/2017s/ga87dew/submit/rcs1/key_generator.vhd 2017/06/22.20:12:01 P.20131013
EN work/key_generator 1498161126 \
      FL /nfs/TUEIEDA/LabHDL/2017s/ga87dew/submit/rcs1/key_generator.vhd \
      PB ieee/std_logic_1164 1381692176
AR work/key_generator/Behavioral 1498161127 \
      FL /nfs/TUEIEDA/LabHDL/2017s/ga87dew/submit/rcs1/key_generator.vhd \
      EN work/key_generator 1498161126
FL /nfs/TUEIEDA/LabHDL/2017s/ga87dew/submit/rcs1/mulop.vhd 2017/06/21.15:05:16 P.20131013
EN work/mulop 1498161118 \
      FL /nfs/TUEIEDA/LabHDL/2017s/ga87dew/submit/rcs1/mulop.vhd \
      PB ieee/std_logic_1164 1381692176 PB ieee/STD_LOGIC_UNSIGNED 1381692179
AR work/mulop/Behavioral 1498161119 \
      FL /nfs/TUEIEDA/LabHDL/2017s/ga87dew/submit/rcs1/mulop.vhd EN work/mulop 1498161118
FL /nfs/TUEIEDA/LabHDL/2017s/ga87dew/submit/rcs1/mux.vhd 2017/06/22.21:02:07 P.20131013
EN work/mux 1498161128 FL /nfs/TUEIEDA/LabHDL/2017s/ga87dew/submit/rcs1/mux.vhd \
      PB ieee/std_logic_1164 1381692176
AR work/mux/Behavioral 1498161129 \
      FL /nfs/TUEIEDA/LabHDL/2017s/ga87dew/submit/rcs1/mux.vhd EN work/mux 1498161128
FL /nfs/TUEIEDA/LabHDL/2017s/ga87dew/submit/rcs1/mux2x1.vhd 2017/06/22.21:05:15 P.20131013
EN work/mux2x1 1498161144 \
      FL /nfs/TUEIEDA/LabHDL/2017s/ga87dew/submit/rcs1/mux2x1.vhd \
      PB ieee/std_logic_1164 1381692176
AR work/mux2x1/Behavioral 1498161145 \
      FL /nfs/TUEIEDA/LabHDL/2017s/ga87dew/submit/rcs1/mux2x1.vhd EN work/mux2x1 1498161144
FL /nfs/TUEIEDA/LabHDL/2017s/ga87dew/submit/rcs1/round.vhd 2017/06/21.15:02:02 P.20131013
EN work/round 1498161130 \
      FL /nfs/TUEIEDA/LabHDL/2017s/ga87dew/submit/rcs1/round.vhd \
      PB ieee/std_logic_1164 1381692176
AR work/round/Behavioral 1498161131 \
      FL /nfs/TUEIEDA/LabHDL/2017s/ga87dew/submit/rcs1/round.vhd EN work/round 1498161130 \
      CP mulop CP addop CP xorop
FL /nfs/TUEIEDA/LabHDL/2017s/ga87dew/submit/rcs1/rxcver.vhd 2017/05/10.00:15:58 P.20131013
EN work/rxcver 1498161138 \
      FL /nfs/TUEIEDA/LabHDL/2017s/ga87dew/submit/rcs1/rxcver.vhd \
      PB ieee/std_logic_1164 1381692176 PB ieee/std_logic_arith 1381692177 \
      PB ieee/std_logic_misc 1381692178 PB ieee/STD_LOGIC_UNSIGNED 1381692179
AR work/rxcver/behavior 1498161139 \
      FL /nfs/TUEIEDA/LabHDL/2017s/ga87dew/submit/rcs1/rxcver.vhd EN work/rxcver 1498161138
FL /nfs/TUEIEDA/LabHDL/2017s/ga87dew/submit/rcs1/trafo.vhd 2017/06/21.15:07:26 P.20131013
EN work/trafo 1498161134 \
      FL /nfs/TUEIEDA/LabHDL/2017s/ga87dew/submit/rcs1/trafo.vhd \
      PB ieee/std_logic_1164 1381692176
AR work/trafo/Behavioral 1498161135 \
      FL /nfs/TUEIEDA/LabHDL/2017s/ga87dew/submit/rcs1/trafo.vhd EN work/trafo 1498161134 \
      CP mulop CP addop
FL /nfs/TUEIEDA/LabHDL/2017s/ga87dew/submit/rcs1/txmit.vhd 2017/05/10.00:15:58 P.20131013
EN work/txmit 1498161136 \
      FL /nfs/TUEIEDA/LabHDL/2017s/ga87dew/submit/rcs1/txmit.vhd \
      PB ieee/std_logic_1164 1381692176 PB ieee/std_logic_arith 1381692177 \
      PB ieee/std_logic_misc 1381692178 PB ieee/STD_LOGIC_UNSIGNED 1381692179
AR work/txmit/behavior 1498161137 \
      FL /nfs/TUEIEDA/LabHDL/2017s/ga87dew/submit/rcs1/txmit.vhd EN work/txmit 1498161136
FL /nfs/TUEIEDA/LabHDL/2017s/ga87dew/submit/rcs1/uart.vhd 2017/05/10.00:15:58 P.20131013
EN work/uart 1498161140 FL /nfs/TUEIEDA/LabHDL/2017s/ga87dew/submit/rcs1/uart.vhd \
      PB ieee/std_logic_1164 1381692176 PB ieee/std_logic_arith 1381692177 \
      PB ieee/std_logic_misc 1381692178 PB ieee/STD_LOGIC_UNSIGNED 1381692179
AR work/uart/behavior 1498161141 \
      FL /nfs/TUEIEDA/LabHDL/2017s/ga87dew/submit/rcs1/uart.vhd EN work/uart 1498161140 \
      CP txmit CP rxcver
FL /nfs/TUEIEDA/LabHDL/2017s/ga87dew/submit/rcs1/xorop.vhd 2017/06/21.15:05:16 P.20131013
EN work/xorop 1498161122 \
      FL /nfs/TUEIEDA/LabHDL/2017s/ga87dew/submit/rcs1/xorop.vhd \
      PB ieee/std_logic_1164 1381692176
AR work/xorop/Behavioral 1498161123 \
      FL /nfs/TUEIEDA/LabHDL/2017s/ga87dew/submit/rcs1/xorop.vhd EN work/xorop 1498161122
FL "C:/Users/brahm/OneDrive/MSCE Plan/Lab/VHDL/submission_template/submit/rcs1/addop.vhd" 2017/05/26.13:12:13 P.20131013
FL "C:/Users/brahm/OneDrive/MSCE Plan/Lab/VHDL/submission_template/submit/rcs1/clk_div.vhd" 2016/04/20.12:48:07 P.20131013
FL "C:/Users/brahm/OneDrive/MSCE Plan/Lab/VHDL/submission_template/submit/rcs1/clock_controlled_register.vhd" 2017/06/21.14:31:39 P.20131013
FL "C:/Users/brahm/OneDrive/MSCE Plan/Lab/VHDL/submission_template/submit/rcs1/control.vhd" 2017/06/22.19:05:54 P.20131013
FL "C:/Users/brahm/OneDrive/MSCE Plan/Lab/VHDL/submission_template/submit/rcs1/idea_com.vhd" 2016/04/20.12:48:07 P.20131013
FL "C:/Users/brahm/OneDrive/MSCE Plan/Lab/VHDL/submission_template/submit/rcs1/idea_com_inner.vhd" 2016/04/20.12:48:07 P.20131013
FL "C:/Users/brahm/OneDrive/MSCE Plan/Lab/VHDL/submission_template/submit/rcs1/idea_single.vhd" 2017/06/22.19:17:52 P.20131013
FL "C:/Users/brahm/OneDrive/MSCE Plan/Lab/VHDL/submission_template/submit/rcs1/key_generator.vhd" 2017/06/21.20:39:29 P.20131013
FL "C:/Users/brahm/OneDrive/MSCE Plan/Lab/VHDL/submission_template/submit/rcs1/mulop.vhd" 2017/06/21.14:25:58 P.20131013
FL "C:/Users/brahm/OneDrive/MSCE Plan/Lab/VHDL/submission_template/submit/rcs1/mux.vhd" 2017/06/07.22:07:58 P.20131013
FL "C:/Users/brahm/OneDrive/MSCE Plan/Lab/VHDL/submission_template/submit/rcs1/round.vhd" 2017/05/25.16:47:25 P.20131013
FL "C:/Users/brahm/OneDrive/MSCE Plan/Lab/VHDL/submission_template/submit/rcs1/rxcver.vhd" 2016/04/20.12:48:07 P.20131013
FL "C:/Users/brahm/OneDrive/MSCE Plan/Lab/VHDL/submission_template/submit/rcs1/trafo.vhd" 2017/05/25.16:49:17 P.20131013
FL "C:/Users/brahm/OneDrive/MSCE Plan/Lab/VHDL/submission_template/submit/rcs1/txmit.vhd" 2016/04/20.12:48:07 P.20131013
FL "C:/Users/brahm/OneDrive/MSCE Plan/Lab/VHDL/submission_template/submit/rcs1/uart.vhd" 2016/04/20.12:48:07 P.20131013
FL "C:/Users/brahm/OneDrive/MSCE Plan/Lab/VHDL/submission_template/submit/rcs1/xorop.vhd" 2017/05/25.18:05:35 P.20131013
